A51 MACRO ASSEMBLER  HEXTOASCII                                                           01/05/2021 11:55:33 PAGE     1


MACRO ASSEMBLER A51 V8.2.7.0
OBJECT MODULE PLACED IN .\Objects\hextoascii.obj
ASSEMBLER INVOKED BY: C:\Keil_v5\C51\BIN\A51.EXE hextoascii.asm SET(SMALL) DEBUG PRINT(.\Listings\hextoascii.lst) OBJECT
                      (.\Objects\hextoascii.obj) EP

LOC  OBJ            LINE     SOURCE

0000                   1     ORG 00H
0000 904200            2     MOV DPTR, #MYDATA
0003 E4                3     CLR A
0004 93                4     MOVC A,@A+DPTR
0005 B40A00            5     CJNE A,#0AH,NEXT
0008 4002              6     NEXT : JC NEXT1
000A 2430              7     ADD A, #30H
000C 2407              8     NEXT1:ADD A,#07H
000E FB                9     MOV R3,A
4200                  10     ORG 4200H
4200 0A               11     MYDATA: DB 0AH
                      12     END
A51 MACRO ASSEMBLER  HEXTOASCII                                                           01/05/2021 11:55:33 PAGE     2

SYMBOL TABLE LISTING
------ ----- -------


N A M E             T Y P E  V A L U E   ATTRIBUTES

MYDATA . . . . . .  C ADDR   4200H   A   
NEXT . . . . . . .  C ADDR   0008H   A   
NEXT1. . . . . . .  C ADDR   000CH   A   


REGISTER BANK(S) USED: 0 


ASSEMBLY COMPLETE.  0 WARNING(S), 0 ERROR(S)
