A51 MACRO ASSEMBLER  MULTIPLICATION                                                       11/25/2020 10:47:01 PAGE     1


MACRO ASSEMBLER A51 V8.2.7.0
OBJECT MODULE PLACED IN .\Objects\multiplication.obj
ASSEMBLER INVOKED BY: C:\Keil_v5\C51\BIN\A51.EXE multiplication.asm SET(SMALL) DEBUG PRINT(.\Listings\multiplication.lst
                      ) OBJECT(.\Objects\multiplication.obj) EP

LOC  OBJ            LINE     SOURCE

0000                   1     ORG 00H
0000 900030            2     MOV DPTR,#MYDATA
0003 93                3     MOVC A,@A+DPTR
0004 F8                4     MOV R0,A
0005 E4                5     CLR A
0006 A3                6     INC DPTR
0007 93                7     MOVC A,@A+DPTR
0008 88F0              8     MOV B,R0
000A A4                9     MUL AB
000B FB               10     MOV R3,A
0030                  11     ORG 30H
0030 0205             12     MYDATA: DB 02H,05H
                      13     END
A51 MACRO ASSEMBLER  MULTIPLICATION                                                       11/25/2020 10:47:01 PAGE     2

SYMBOL TABLE LISTING
------ ----- -------


N A M E             T Y P E  V A L U E   ATTRIBUTES

B. . . . . . . . .  D ADDR   00F0H   A   
MYDATA . . . . . .  C ADDR   0030H   A   


REGISTER BANK(S) USED: 0 


ASSEMBLY COMPLETE.  0 WARNING(S), 0 ERROR(S)
