A51 MACRO ASSEMBLER  DIVISION                                                             11/25/2020 10:40:50 PAGE     1


MACRO ASSEMBLER A51 V8.2.7.0
OBJECT MODULE PLACED IN .\Objects\division.obj
ASSEMBLER INVOKED BY: C:\Keil_v5\C51\BIN\A51.EXE division.asm SET(SMALL) DEBUG PRINT(.\Listings\division.lst) OBJECT(.\O
                      bjects\division.obj) EP

LOC  OBJ            LINE     SOURCE

0000                   1     ORG 00H
0000 900300            2     MOV DPTR,#MYDATA
0003 93                3     MOVC A,@A+DPTR
0004 F8                4     MOV R0,A
0005 A3                5     INC DPTR
0006 E4                6     CLR A
0007 93                7     MOVC A,@A+DPTR
0008 88F0              8     MOV B,R0
000A 84                9     DIV AB
000B F9               10     MOV R1,A
000C AAF0             11     MOV R2,B
0300                  12     ORG 300H
0300 0105             13     MYDATA: DB 01H,05H
                      14     END
A51 MACRO ASSEMBLER  DIVISION                                                             11/25/2020 10:40:50 PAGE     2

SYMBOL TABLE LISTING
------ ----- -------


N A M E             T Y P E  V A L U E   ATTRIBUTES

B. . . . . . . . .  D ADDR   00F0H   A   
MYDATA . . . . . .  C ADDR   0300H   A   


REGISTER BANK(S) USED: 0 


ASSEMBLY COMPLETE.  0 WARNING(S), 0 ERROR(S)
